
Memory Configuration

Name             Origin             Length             Attributes
rom              0x0000000000000000 0x0000000000280000
ram              0x0000000000280000 0x0000000000020000
*default*        0x0000000000000000 0xffffffffffffffff

Linker script and memory map

                0x0000000000000000                . = 0x0

.text           0x0000000000000000      0xf11 load address 0x0000000000280000
 *(.text.main)
 .text.main     0x0000000000000000      0xd03 bootpack.bin
                0x0000000000000000                main
 *(.text)
 .text          0x0000000000000d03        0x0 bootpack.bin
 *fill*         0x0000000000000d03        0xd 
 .text          0x0000000000000d10      0x101 asmfunc.bin
                0x0000000000000d10                io_hlt
                0x0000000000000d12                io_cli
                0x0000000000000d14                io_sti
                0x0000000000000d16                io_stihlt
                0x0000000000000d19                io_in8
                0x0000000000000d24                io_in16
                0x0000000000000d30                io_in32
                0x0000000000000d36                io_out8
                0x0000000000000d40                io_out16
                0x0000000000000d4c                io_out32
                0x0000000000000d56                io_load_eflags
                0x0000000000000d59                io_store_eflags
                0x0000000000000d60                io_load_cr0
                0x0000000000000d64                io_store_cr0
                0x0000000000000d6c                memtest_sub
                0x0000000000000dae                load_tr
                0x0000000000000db4                far_jmp
                0x0000000000000db9                far_call
                0x0000000000000dbe                asm_cons_putchar
                0x0000000000000dd8                start_app
                0x0000000000000e06                asm_end_app
 *fill*         0x0000000000000e11        0xf 
 .text          0x0000000000000e20       0x20 Stab.bin
                0x0000000000000e20                load_gdtr
                0x0000000000000e30                load_idtr
 .text          0x0000000000000e40        0x0 desctbl.bin
 .text          0x0000000000000e40        0x0 graphic.bin
 .text          0x0000000000000e40        0x0 int.bin
 .text          0x0000000000000e40       0xa4 INThandler.bin
                0x0000000000000e40                asm_INT_handler0d
                0x0000000000000e64                asm_INT_handler0c
                0x0000000000000e88                asm_INT_handler20
                0x0000000000000e9f                asm_INT_handler21
                0x0000000000000eb6                asm_INT_handler27
                0x0000000000000ecd                asm_INT_handler2c
 .text          0x0000000000000ee4        0x0 fifo.bin
 .text          0x0000000000000ee4        0x0 keyboard.bin
 .text          0x0000000000000ee4        0x0 mouse.bin
 .text          0x0000000000000ee4        0x0 memory.bin
 .text          0x0000000000000ee4        0x0 sheet.bin
 .text          0x0000000000000ee4        0x0 window.bin
 .text          0x0000000000000ee4        0x0 timer.bin
 .text          0x0000000000000ee4        0x0 task.bin
 .text          0x0000000000000ee4        0x0 file.bin
 .text          0x0000000000000ee4        0x0 console.bin
 .text          0x0000000000000ee4        0x0 cmd.bin
 .text          0x0000000000000ee4        0x0 api.bin
 *fill*         0x0000000000000ee4        0xc 
 .text          0x0000000000000ef0       0x21 asm_api.bin
                0x0000000000000ef0                asm_hrb_api
 .text          0x0000000000000f11        0x0 elf.bin
 .text          0x0000000000000f11        0x0 ../libc/stdio/stdio.bin
 .text          0x0000000000000f11        0x0 ../libc/string/strcmp.bin
 .text          0x0000000000000f11        0x0 ../libc/string/strncmp.bin
 .text          0x0000000000000f11        0x0 ../libc/stdlib/rand.bin
 .text          0x0000000000000f11        0x0 ../libc/ssp/ssp.bin

.text.init_gdtidt
                0x0000000000000f11      0x1ad load address 0x0000000000280f11
 .text.init_gdtidt
                0x0000000000000f11      0x1ad desctbl.bin
                0x0000000000000f11                init_gdtidt

.text.set_segmdesc
                0x00000000000010be       0x7b load address 0x00000000002810be
 .text.set_segmdesc
                0x00000000000010be       0x7b desctbl.bin
                0x00000000000010be                set_segmdesc

.text.set_gatedesc
                0x0000000000001139       0x45 load address 0x0000000000281139
 .text.set_gatedesc
                0x0000000000001139       0x45 desctbl.bin
                0x0000000000001139                set_gatedesc

.text.init_palette
                0x000000000000117e       0x1d load address 0x000000000028117e
 .text.init_palette
                0x000000000000117e       0x1d graphic.bin
                0x000000000000117e                init_palette

.text.set_palette
                0x000000000000119b       0xac load address 0x000000000028119b
 .text.set_palette
                0x000000000000119b       0xac graphic.bin
                0x000000000000119b                set_palette

.text.box_fill8
                0x0000000000001247       0x53 load address 0x0000000000281247
 .text.box_fill8
                0x0000000000001247       0x53 graphic.bin
                0x0000000000001247                box_fill8

.text.init_screen8
                0x000000000000129a      0x21d load address 0x000000000028129a
 .text.init_screen8
                0x000000000000129a      0x21d graphic.bin
                0x000000000000129a                init_screen8

.text.put_font8
                0x00000000000014b7      0x103 load address 0x00000000002814b7
 .text.put_font8
                0x00000000000014b7      0x103 graphic.bin
                0x00000000000014b7                put_font8

.text.put_fonts8_asc
                0x00000000000015ba       0x50 load address 0x00000000002815ba
 .text.put_fonts8_asc
                0x00000000000015ba       0x50 graphic.bin
                0x00000000000015ba                put_fonts8_asc

.text.init_mouse_cursor8
                0x000000000000160a       0xd7 load address 0x000000000028160a
 .text.init_mouse_cursor8
                0x000000000000160a       0xd7 graphic.bin
                0x000000000000160a                init_mouse_cursor8

.text.put_block8_8
                0x00000000000016e1       0x6f load address 0x00000000002816e1
 .text.put_block8_8
                0x00000000000016e1       0x6f graphic.bin
                0x00000000000016e1                put_block8_8

.text.put_font8_asc_sht
                0x0000000000001750       0x99 load address 0x0000000000281750
 .text.put_font8_asc_sht
                0x0000000000001750       0x99 graphic.bin
                0x0000000000001750                put_font8_asc_sht

.text.init_pic  0x00000000000017e9       0xdb load address 0x00000000002817e9
 .text.init_pic
                0x00000000000017e9       0xdb int.bin
                0x00000000000017e9                init_pic

.text.INT_handler27
                0x00000000000018c4       0x18 load address 0x00000000002818c4
 .text.INT_handler27
                0x00000000000018c4       0x18 int.bin
                0x00000000000018c4                INT_handler27

.text.INT_handler0d
                0x00000000000018dc       0x62 load address 0x00000000002818dc
 .text.INT_handler0d
                0x00000000000018dc       0x62 int.bin
                0x00000000000018dc                INT_handler0d

.text.INT_handler0c
                0x000000000000193e       0x62 load address 0x000000000028193e
 .text.INT_handler0c
                0x000000000000193e       0x62 int.bin
                0x000000000000193e                INT_handler0c

.text.fifo32_init
                0x00000000000019a0       0x47 load address 0x00000000002819a0
 .text.fifo32_init
                0x00000000000019a0       0x47 fifo.bin
                0x00000000000019a0                fifo32_init

.text.fifo32_put
                0x00000000000019e7       0xa9 load address 0x00000000002819e7
 .text.fifo32_put
                0x00000000000019e7       0xa9 fifo.bin
                0x00000000000019e7                fifo32_put

.text.fifo32_get
                0x0000000000001a90       0x6d load address 0x0000000000281a90
 .text.fifo32_get
                0x0000000000001a90       0x6d fifo.bin
                0x0000000000001a90                fifo32_get

.text.fifo32_status
                0x0000000000001afd       0x15 load address 0x0000000000281afd
 .text.fifo32_status
                0x0000000000001afd       0x15 fifo.bin
                0x0000000000001afd                fifo32_status

.text.wait_KBC_sendready
                0x0000000000001b12       0x20 load address 0x0000000000281b12
 .text.wait_KBC_sendready
                0x0000000000001b12       0x20 keyboard.bin
                0x0000000000001b12                wait_KBC_sendready

.text.init_keyboard
                0x0000000000001b32       0x41 load address 0x0000000000281b32
 .text.init_keyboard
                0x0000000000001b32       0x41 keyboard.bin
                0x0000000000001b32                init_keyboard

.text.INT_handler21
                0x0000000000001b73       0x45 load address 0x0000000000281b73
 .text.INT_handler21
                0x0000000000001b73       0x45 keyboard.bin
                0x0000000000001b73                INT_handler21

.text.enable_mouse
                0x0000000000001bb8       0x4e load address 0x0000000000281bb8
 .text.enable_mouse
                0x0000000000001bb8       0x4e mouse.bin
                0x0000000000001bb8                enable_mouse

.text.mouse_decode
                0x0000000000001c06      0x13f load address 0x0000000000281c06
 .text.mouse_decode
                0x0000000000001c06      0x13f mouse.bin
                0x0000000000001c06                mouse_decode

.text.INT_handler2c
                0x0000000000001d45       0x57 load address 0x0000000000281d45
 .text.INT_handler2c
                0x0000000000001d45       0x57 mouse.bin
                0x0000000000001d45                INT_handler2c

.text.memtest   0x0000000000001d9c       0xb7 load address 0x0000000000281d9c
 .text.memtest  0x0000000000001d9c       0xb7 memory.bin
                0x0000000000001d9c                memtest

.text.memman_init
                0x0000000000001e53       0x2d load address 0x0000000000281e53
 .text.memman_init
                0x0000000000001e53       0x2d memory.bin
                0x0000000000001e53                memman_init

.text.memman_total
                0x0000000000001e80       0x32 load address 0x0000000000281e80
 .text.memman_total
                0x0000000000001e80       0x32 memory.bin
                0x0000000000001e80                memman_total

.text.memman_alloc
                0x0000000000001eb2       0xe8 load address 0x0000000000281eb2
 .text.memman_alloc
                0x0000000000001eb2       0xe8 memory.bin
                0x0000000000001eb2                memman_alloc

.text.memman_free
                0x0000000000001f9a      0x243 load address 0x0000000000281f9a
 .text.memman_free
                0x0000000000001f9a      0x243 memory.bin
                0x0000000000001f9a                memman_free

.text.memman_alloc_4K
                0x00000000000021dd       0x23 load address 0x00000000002821dd
 .text.memman_alloc_4K
                0x00000000000021dd       0x23 memory.bin
                0x00000000000021dd                memman_alloc_4K

.text.memman_free_4K
                0x0000000000002200       0x26 load address 0x0000000000282200
 .text.memman_free_4K
                0x0000000000002200       0x26 memory.bin
                0x0000000000002200                memman_free_4K

.text.shtctl_init
                0x0000000000002226       0xe2 load address 0x0000000000282226
 .text.shtctl_init
                0x0000000000002226       0xe2 sheet.bin
                0x0000000000002226                shtctl_init

.text.sheet_alloc
                0x0000000000002308       0x77 load address 0x0000000000282308
 .text.sheet_alloc
                0x0000000000002308       0x77 sheet.bin
                0x0000000000002308                sheet_alloc

.text.sheet_updown
                0x000000000000237f      0x385 load address 0x000000000028237f
 .text.sheet_updown
                0x000000000000237f      0x385 sheet.bin
                0x000000000000237f                sheet_updown

.text.sheet_refreshmap
                0x0000000000002704      0x1b0 load address 0x0000000000282704
 .text.sheet_refreshmap
                0x0000000000002704      0x1b0 sheet.bin
                0x0000000000002704                sheet_refreshmap

.text.sheet_refreshsub
                0x00000000000028b4      0x1c5 load address 0x00000000002828b4
 .text.sheet_refreshsub
                0x00000000000028b4      0x1c5 sheet.bin
                0x00000000000028b4                sheet_refreshsub

.text.sheet_refresh
                0x0000000000002a79       0x70 load address 0x0000000000282a79
 .text.sheet_refresh
                0x0000000000002a79       0x70 sheet.bin
                0x0000000000002a79                sheet_refresh

.text.sheet_slide
                0x0000000000002ae9      0x113 load address 0x0000000000282ae9
 .text.sheet_slide
                0x0000000000002ae9      0x113 sheet.bin
                0x0000000000002ae9                sheet_slide

.text.sheet_free
                0x0000000000002bfc       0x2d load address 0x0000000000282bfc
 .text.sheet_free
                0x0000000000002bfc       0x2d sheet.bin
                0x0000000000002bfc                sheet_free

.text.sheet_setbuf
                0x0000000000002c29       0x29 load address 0x0000000000282c29
 .text.sheet_setbuf
                0x0000000000002c29       0x29 sheet.bin
                0x0000000000002c29                sheet_setbuf

.text.make_window8
                0x0000000000002c52      0x172 load address 0x0000000000282c52
 .text.make_window8
                0x0000000000002c52      0x172 window.bin
                0x0000000000002c52                make_window8

.text.make_textbox8
                0x0000000000002dc4      0x1ff load address 0x0000000000282dc4
 .text.make_textbox8
                0x0000000000002dc4      0x1ff window.bin
                0x0000000000002dc4                make_textbox8

.text.make_title8
                0x0000000000002fc3      0x105 load address 0x0000000000282fc3
 .text.make_title8
                0x0000000000002fc3      0x105 window.bin
                0x0000000000002fc3                make_title8

.text.init_pit  0x00000000000030c8       0xbc load address 0x00000000002830c8
 .text.init_pit
                0x00000000000030c8       0xbc timer.bin
                0x00000000000030c8                init_pit

.text.timer_init
                0x0000000000003184       0x22 load address 0x0000000000283184
 .text.timer_init
                0x0000000000003184       0x22 timer.bin
                0x0000000000003184                timer_init

.text.timer_alloc
                0x00000000000031a6       0x6a load address 0x00000000002831a6
 .text.timer_alloc
                0x00000000000031a6       0x6a timer.bin
                0x00000000000031a6                timer_alloc

.text.timer_free
                0x0000000000003210        0xf load address 0x0000000000283210
 .text.timer_free
                0x0000000000003210        0xf timer.bin
                0x0000000000003210                timer_free

.text.timer_settimer
                0x000000000000321f       0xb2 load address 0x000000000028321f
 .text.timer_settimer
                0x000000000000321f       0xb2 timer.bin
                0x000000000000321f                timer_settimer

.text.INT_handler20
                0x00000000000032d1       0xb5 load address 0x00000000002832d1
 .text.INT_handler20
                0x00000000000032d1       0xb5 timer.bin
                0x00000000000032d1                INT_handler20

.text.taskswitch
                0x0000000000003386       0xce load address 0x0000000000283386
 .text.taskswitch
                0x0000000000003386       0xce task.bin
                0x0000000000003386                taskswitch

.text.task_switchsub
                0x0000000000003454       0x4f load address 0x0000000000283454
 .text.task_switchsub
                0x0000000000003454       0x4f task.bin
                0x0000000000003454                task_switchsub

.text.task_init
                0x00000000000034a3      0x205 load address 0x00000000002834a3
 .text.task_init
                0x00000000000034a3      0x205 task.bin
                0x00000000000034a3                task_init

.text.task_alloc
                0x00000000000036a8      0x124 load address 0x00000000002836a8
 .text.task_alloc
                0x00000000000036a8      0x124 task.bin
                0x00000000000036a8                task_alloc

.text.task_run  0x00000000000037cc       0x79 load address 0x00000000002837cc
 .text.task_run
                0x00000000000037cc       0x79 task.bin
                0x00000000000037cc                task_run

.text.task_add  0x0000000000003845       0x49 load address 0x0000000000283845
 .text.task_add
                0x0000000000003845       0x49 task.bin
                0x0000000000003845                task_add

.text.task_now  0x000000000000388e       0x30 load address 0x000000000028388e
 .text.task_now
                0x000000000000388e       0x30 task.bin
                0x000000000000388e                task_now

.text.task_sleep
                0x00000000000038be       0x52 load address 0x00000000002838be
 .text.task_sleep
                0x00000000000038be       0x52 task.bin
                0x00000000000038be                task_sleep

.text.task_remove
                0x0000000000003910       0xbe load address 0x0000000000283910
 .text.task_remove
                0x0000000000003910       0xbe task.bin
                0x0000000000003910                task_remove

.text.task_idle
                0x00000000000039ce        0xd load address 0x00000000002839ce
 .text.task_idle
                0x00000000000039ce        0xd task.bin
                0x00000000000039ce                task_idle

.text.file_read_fat
                0x00000000000039db       0xb1 load address 0x00000000002839db
 .text.file_read_fat
                0x00000000000039db       0xb1 file.bin
                0x00000000000039db                file_read_fat

.text.file_load_file
                0x0000000000003a8c       0xa8 load address 0x0000000000283a8c
 .text.file_load_file
                0x0000000000003a8c       0xa8 file.bin
                0x0000000000003a8c                file_load_file

.text.file_search
                0x0000000000003b34      0x172 load address 0x0000000000283b34
 .text.file_search
                0x0000000000003b34      0x172 file.bin
                0x0000000000003b34                file_search

.text.console_task
                0x0000000000003ca6      0x338 load address 0x0000000000283ca6
 .text.console_task
                0x0000000000003ca6      0x338 console.bin
                0x0000000000003ca6                console_task

.text.cons_putchar
                0x0000000000003fde      0x107 load address 0x0000000000283fde
 .text.cons_putchar
                0x0000000000003fde      0x107 console.bin
                0x0000000000003fde                cons_putchar

.text.cons_newline
                0x00000000000040e5      0x107 load address 0x00000000002840e5
 .text.cons_newline
                0x00000000000040e5      0x107 console.bin
                0x00000000000040e5                cons_newline

.text.cons_runcmd
                0x00000000000041ec      0x114 load address 0x00000000002841ec
 .text.cons_runcmd
                0x00000000000041ec      0x114 console.bin
                0x00000000000041ec                cons_runcmd

.text.cmd_app   0x0000000000004300      0x2d9 load address 0x0000000000284300
 .text.cmd_app  0x0000000000004300      0x2d9 console.bin
                0x0000000000004300                cmd_app

.text.cons_putstr
                0x00000000000045d9       0x33 load address 0x00000000002845d9
 .text.cons_putstr
                0x00000000000045d9       0x33 console.bin
                0x00000000000045d9                cons_putstr

.text.cons_putnstr
                0x000000000000460c       0x3d load address 0x000000000028460c
 .text.cons_putnstr
                0x000000000000460c       0x3d console.bin
                0x000000000000460c                cons_putnstr

.text.cmd_mem   0x0000000000004649       0x4e load address 0x0000000000284649
 .text.cmd_mem  0x0000000000004649       0x4e cmd.bin
                0x0000000000004649                cmd_mem

.text.cmd_cls   0x0000000000004697       0x7e load address 0x0000000000284697
 .text.cmd_cls  0x0000000000004697       0x7e cmd.bin
                0x0000000000004697                cmd_cls

.text.cmd_dir   0x0000000000004715      0x134 load address 0x0000000000284715
 .text.cmd_dir  0x0000000000004715      0x134 cmd.bin
                0x0000000000004715                cmd_dir

.text.cmd_type  0x0000000000004849       0xcb load address 0x0000000000284849
 .text.cmd_type
                0x0000000000004849       0xcb cmd.bin
                0x0000000000004849                cmd_type

.text.cmd_hlt   0x0000000000004914      0x113 load address 0x0000000000284914
 .text.cmd_hlt  0x0000000000004914      0x113 cmd.bin
                0x0000000000004914                cmd_hlt

.text.hrb_api   0x0000000000004a27      0x44c load address 0x0000000000284a27
 .text.hrb_api  0x0000000000004a27      0x44c api.bin
                0x0000000000004a27                hrb_api

.text.elf32_validate
                0x0000000000004e73       0x3c load address 0x0000000000284e73
 .text.elf32_validate
                0x0000000000004e73       0x3c elf.bin
                0x0000000000004e73                elf32_validate

.text.vsprint_num
                0x0000000000004eaf       0xc3 load address 0x0000000000284eaf
 .text.vsprint_num
                0x0000000000004eaf       0xc3 ../libc/stdio/stdio.bin

.text.vsprint_fmt
                0x0000000000004f72      0x25c load address 0x0000000000284f72
 .text.vsprint_fmt
                0x0000000000004f72      0x25c ../libc/stdio/stdio.bin

.text.vsprintf  0x00000000000051ce       0x22 load address 0x00000000002851ce
 .text.vsprintf
                0x00000000000051ce       0x22 ../libc/stdio/stdio.bin
                0x00000000000051ce                vsprintf

.text.sprintf   0x00000000000051f0       0x26 load address 0x00000000002851f0
 .text.sprintf  0x00000000000051f0       0x26 ../libc/stdio/stdio.bin
                0x00000000000051f0                sprintf

.text.strcmp    0x0000000000005216       0x46 load address 0x0000000000285216
 .text.strcmp   0x0000000000005216       0x46 ../libc/string/strcmp.bin
                0x0000000000005216                strcmp

.text.strncmp   0x000000000000525c       0x63 load address 0x000000000028525c
 .text.strncmp  0x000000000000525c       0x63 ../libc/string/strncmp.bin
                0x000000000000525c                strncmp

.text.rand      0x00000000000052bf       0x27 load address 0x00000000002852bf
 .text.rand     0x00000000000052bf       0x27 ../libc/stdlib/rand.bin
                0x00000000000052bf                rand

.text.__stack_chk_fail
                0x00000000000052e6        0x6 load address 0x00000000002852e6
 .text.__stack_chk_fail
                0x00000000000052e6        0x6 ../libc/ssp/ssp.bin
                0x00000000000052e6                __stack_chk_fail

.rodata         0x00000000002852ec      0x20f
 *(.rodata)
 .rodata        0x00000000002852ec       0x8e bootpack.bin
 *fill*         0x000000000028537a        0x2 
 .rodata        0x000000000028537c       0x4e int.bin
 .rodata        0x00000000002853ca       0x3c console.bin
 .rodata        0x0000000000285406       0x51 cmd.bin
 *fill*         0x0000000000285457        0x1 
 .rodata        0x0000000000285458       0xa3 ../libc/stdio/stdio.bin

.eh_frame       0x00000000002854fc      0xd54
 .eh_frame      0x00000000002854fc       0x40 bootpack.bin
 .eh_frame      0x000000000028553c       0x78 desctbl.bin
 .eh_frame      0x00000000002855b4      0x148 graphic.bin
 .eh_frame      0x00000000002856fc       0x98 int.bin
 .eh_frame      0x0000000000285794       0xa0 fifo.bin
 .eh_frame      0x0000000000285834       0x78 keyboard.bin
 .eh_frame      0x00000000002858ac       0x78 mouse.bin
 .eh_frame      0x0000000000285924      0x100 memory.bin
 .eh_frame      0x0000000000285a24      0x15c sheet.bin
 .eh_frame      0x0000000000285b80       0x88 window.bin
 .eh_frame      0x0000000000285c08       0xd8 timer.bin
 .eh_frame      0x0000000000285ce0      0x154 task.bin
 .eh_frame      0x0000000000285e34       0x78 file.bin
 .eh_frame      0x0000000000285eac      0x100 console.bin
 .eh_frame      0x0000000000285fac       0xb8 cmd.bin
 .eh_frame      0x0000000000286064       0x3c api.bin
 .eh_frame      0x00000000002860a0       0x38 elf.bin
 .eh_frame      0x00000000002860d8       0x98 ../libc/stdio/stdio.bin
 .eh_frame      0x0000000000286170       0x38 ../libc/string/strcmp.bin
 .eh_frame      0x00000000002861a8       0x38 ../libc/string/strncmp.bin
 .eh_frame      0x00000000002861e0       0x38 ../libc/stdlib/rand.bin
 .eh_frame      0x0000000000286218       0x38 ../libc/ssp/ssp.bin

.data           0x0000000000286260     0x192c
 *(.data)
 .data          0x0000000000286260      0x100 bootpack.bin
 .data          0x0000000000286360     0x1000 hankaku.bin
                0x0000000000286360                hankaku
 .data          0x0000000000287360        0x0 desctbl.bin
 .data          0x0000000000287360      0x140 graphic.bin
 .data          0x00000000002874a0      0x100 int.bin
 .data          0x00000000002875a0        0x0 fifo.bin
 .data          0x00000000002875a0      0x100 keyboard.bin
 .data          0x00000000002876a0      0x100 mouse.bin
 .data          0x00000000002877a0        0x0 memory.bin
 .data          0x00000000002877a0        0x0 sheet.bin
 .data          0x00000000002877a0       0xe0 window.bin
 .data          0x0000000000287880        0x0 timer.bin
 .data          0x0000000000287880        0x0 task.bin
 .data          0x0000000000287880        0x0 file.bin
 .data          0x0000000000287880      0x100 console.bin
 .data          0x0000000000287980      0x100 cmd.bin
 .data          0x0000000000287a80      0x100 api.bin
 .data          0x0000000000287b80        0x0 elf.bin
 .data          0x0000000000287b80        0x4 ../libc/stdio/stdio.bin
 .data          0x0000000000287b84        0x0 ../libc/string/strcmp.bin
 .data          0x0000000000287b84        0x0 ../libc/string/strncmp.bin
 .data          0x0000000000287b84        0x4 ../libc/stdlib/rand.bin
 .data          0x0000000000287b88        0x4 ../libc/ssp/ssp.bin
                0x0000000000287b88                __stack_chk_guard

.bss            0x0000000000287ba0     0x28a0
 *(.bss)
 .bss           0x0000000000287ba0        0x0 bootpack.bin
 .bss           0x0000000000287ba0        0x0 desctbl.bin
 .bss           0x0000000000287ba0        0x0 graphic.bin
 .bss           0x0000000000287ba0        0x0 int.bin
 .bss           0x0000000000287ba0        0x0 fifo.bin
 .bss           0x0000000000287ba0       0x40 keyboard.bin
                0x0000000000287ba0                keyfifo
                0x0000000000287ba4                keydata0
                0x0000000000287bc0                keybuf
 .bss           0x0000000000287be0       0xa0 mouse.bin
                0x0000000000287be0                mousefifo
                0x0000000000287be4                mousedata0
                0x0000000000287c00                mousebuf
 .bss           0x0000000000287c80        0x0 memory.bin
 .bss           0x0000000000287c80        0x0 sheet.bin
 .bss           0x0000000000287c80        0x0 window.bin
 .bss           0x0000000000287c80     0x2720 timer.bin
                0x0000000000287c80                timerctl
 .bss           0x000000000028a3a0        0xc task.bin
                0x000000000028a3a0                task_timer
                0x000000000028a3a4                taskctl
                0x000000000028a3a8                mt_tr
 .bss           0x000000000028a3ac        0x0 file.bin
 .bss           0x000000000028a3ac        0x0 console.bin
 .bss           0x000000000028a3ac        0x0 cmd.bin
 .bss           0x000000000028a3ac        0x0 api.bin
 .bss           0x000000000028a3ac        0x0 elf.bin
 *fill*         0x000000000028a3ac       0x14 
 .bss           0x000000000028a3c0       0x80 ../libc/stdio/stdio.bin
 .bss           0x000000000028a440        0x0 ../libc/string/strcmp.bin
 .bss           0x000000000028a440        0x0 ../libc/string/strncmp.bin
 .bss           0x000000000028a440        0x0 ../libc/stdlib/rand.bin
 .bss           0x000000000028a440        0x0 ../libc/ssp/ssp.bin
LOAD bootpack.bin
LOAD asmfunc.bin
LOAD Stab.bin
LOAD hankaku.bin
LOAD desctbl.bin
LOAD graphic.bin
LOAD int.bin
LOAD INThandler.bin
LOAD fifo.bin
LOAD keyboard.bin
LOAD mouse.bin
LOAD memory.bin
LOAD sheet.bin
LOAD window.bin
LOAD timer.bin
LOAD task.bin
LOAD file.bin
LOAD console.bin
LOAD cmd.bin
LOAD api.bin
LOAD asm_api.bin
LOAD elf.bin
LOAD ../libc/stdio/stdio.bin
LOAD ../libc/string/strcmp.bin
LOAD ../libc/string/strncmp.bin
LOAD ../libc/stdlib/rand.bin
LOAD ../libc/ssp/ssp.bin
OUTPUT(kernel.sys binary)

.comment        0x0000000000000000      0x3c8
 .comment       0x0000000000000000       0x2c bootpack.bin
 .comment       0x000000000000002c       0x2c desctbl.bin
 .comment       0x0000000000000058       0x2c graphic.bin
 .comment       0x0000000000000084       0x2c int.bin
 .comment       0x00000000000000b0       0x2c fifo.bin
 .comment       0x00000000000000dc       0x2c keyboard.bin
 .comment       0x0000000000000108       0x2c mouse.bin
 .comment       0x0000000000000134       0x2c memory.bin
 .comment       0x0000000000000160       0x2c sheet.bin
 .comment       0x000000000000018c       0x2c window.bin
 .comment       0x00000000000001b8       0x2c timer.bin
 .comment       0x00000000000001e4       0x2c task.bin
 .comment       0x0000000000000210       0x2c file.bin
 .comment       0x000000000000023c       0x2c console.bin
 .comment       0x0000000000000268       0x2c cmd.bin
 .comment       0x0000000000000294       0x2c api.bin
 .comment       0x00000000000002c0       0x2c elf.bin
 .comment       0x00000000000002ec       0x2c ../libc/stdio/stdio.bin
 .comment       0x0000000000000318       0x2c ../libc/string/strcmp.bin
 .comment       0x0000000000000344       0x2c ../libc/string/strncmp.bin
 .comment       0x0000000000000370       0x2c ../libc/stdlib/rand.bin
 .comment       0x000000000000039c       0x2c ../libc/ssp/ssp.bin

.note.GNU-stack
                0x0000000000000000        0x0
 .note.GNU-stack
                0x0000000000000000        0x0 bootpack.bin
 .note.GNU-stack
                0x0000000000000000        0x0 desctbl.bin
 .note.GNU-stack
                0x0000000000000000        0x0 graphic.bin
 .note.GNU-stack
                0x0000000000000000        0x0 int.bin
 .note.GNU-stack
                0x0000000000000000        0x0 fifo.bin
 .note.GNU-stack
                0x0000000000000000        0x0 keyboard.bin
 .note.GNU-stack
                0x0000000000000000        0x0 mouse.bin
 .note.GNU-stack
                0x0000000000000000        0x0 memory.bin
 .note.GNU-stack
                0x0000000000000000        0x0 sheet.bin
 .note.GNU-stack
                0x0000000000000000        0x0 window.bin
 .note.GNU-stack
                0x0000000000000000        0x0 timer.bin
 .note.GNU-stack
                0x0000000000000000        0x0 task.bin
 .note.GNU-stack
                0x0000000000000000        0x0 file.bin
 .note.GNU-stack
                0x0000000000000000        0x0 console.bin
 .note.GNU-stack
                0x0000000000000000        0x0 cmd.bin
 .note.GNU-stack
                0x0000000000000000        0x0 api.bin
 .note.GNU-stack
                0x0000000000000000        0x0 elf.bin
 .note.GNU-stack
                0x0000000000000000        0x0 ../libc/stdio/stdio.bin
 .note.GNU-stack
                0x0000000000000000        0x0 ../libc/string/strcmp.bin
 .note.GNU-stack
                0x0000000000000000        0x0 ../libc/string/strncmp.bin
 .note.GNU-stack
                0x0000000000000000        0x0 ../libc/stdlib/rand.bin
 .note.GNU-stack
                0x0000000000000000        0x0 ../libc/ssp/ssp.bin

.debug_info     0x0000000000000000      0x44b
 .debug_info    0x0000000000000000      0x26e ../libc/stdio/stdio.bin
 .debug_info    0x000000000000026e       0x7a ../libc/string/strcmp.bin
 .debug_info    0x00000000000002e8       0xa8 ../libc/string/strncmp.bin
 .debug_info    0x0000000000000390       0x5d ../libc/stdlib/rand.bin
 .debug_info    0x00000000000003ed       0x5e ../libc/ssp/ssp.bin

.debug_abbrev   0x0000000000000000      0x2c8
 .debug_abbrev  0x0000000000000000      0x118 ../libc/stdio/stdio.bin
 .debug_abbrev  0x0000000000000118       0x6a ../libc/string/strcmp.bin
 .debug_abbrev  0x0000000000000182       0x93 ../libc/string/strncmp.bin
 .debug_abbrev  0x0000000000000215       0x56 ../libc/stdlib/rand.bin
 .debug_abbrev  0x000000000000026b       0x5d ../libc/ssp/ssp.bin

.debug_aranges  0x0000000000000000       0xb8
 .debug_aranges
                0x0000000000000000       0x38 ../libc/stdio/stdio.bin
 .debug_aranges
                0x0000000000000038       0x20 ../libc/string/strcmp.bin
 .debug_aranges
                0x0000000000000058       0x20 ../libc/string/strncmp.bin
 .debug_aranges
                0x0000000000000078       0x20 ../libc/stdlib/rand.bin
 .debug_aranges
                0x0000000000000098       0x20 ../libc/ssp/ssp.bin

.debug_rnglists
                0x0000000000000000       0x73
 .debug_rnglists
                0x0000000000000000       0x27 ../libc/stdio/stdio.bin
 .debug_rnglists
                0x0000000000000027       0x13 ../libc/string/strcmp.bin
 .debug_rnglists
                0x000000000000003a       0x13 ../libc/string/strncmp.bin
 .debug_rnglists
                0x000000000000004d       0x13 ../libc/stdlib/rand.bin
 .debug_rnglists
                0x0000000000000060       0x13 ../libc/ssp/ssp.bin

.debug_line     0x0000000000000000      0x397
 .debug_line    0x0000000000000000      0x1dc ../libc/stdio/stdio.bin
 .debug_line    0x00000000000001dc       0x70 ../libc/string/strcmp.bin
 .debug_line    0x000000000000024c       0x99 ../libc/string/strncmp.bin
 .debug_line    0x00000000000002e5       0x5b ../libc/stdlib/rand.bin
 .debug_line    0x0000000000000340       0x57 ../libc/ssp/ssp.bin

.debug_str      0x0000000000000000      0x455
 .debug_str     0x0000000000000000      0x13c ../libc/stdio/stdio.bin
 .debug_str     0x000000000000013c       0xba ../libc/string/strcmp.bin
 .debug_str     0x00000000000001f6       0xc2 ../libc/string/strncmp.bin
 .debug_str     0x00000000000002b8       0xbd ../libc/stdlib/rand.bin
 .debug_str     0x0000000000000375       0xe0 ../libc/ssp/ssp.bin

.debug_line_str
                0x0000000000000000      0x1f8
 .debug_line_str
                0x0000000000000000       0x6e ../libc/stdio/stdio.bin
 .debug_line_str
                0x000000000000006e       0x5b ../libc/string/strcmp.bin
 .debug_line_str
                0x00000000000000c9       0x76 ../libc/string/strncmp.bin
 .debug_line_str
                0x000000000000013f       0x55 ../libc/stdlib/rand.bin
 .debug_line_str
                0x0000000000000194       0x64 ../libc/ssp/ssp.bin
